Java HotSpot(TM) Client VM (25.101-b13) for windows-x86 JRE (1.8.0_101-b13), built on Jun 22 2016 00:45:44 by "java_re" with MS VC++ 10.0 (VS2010)
Memory: 4k page, physical 8299396k(2427440k free), swap 11051908k(2527484k free)
CommandLine flags: -XX:InitialHeapSize=16777216 -XX:MaxHeapSize=268435456 -XX:+PrintGC -XX:+PrintGCDetails -XX:+PrintGCTimeStamps -XX:-UseLargePagesIndividualAllocation 
0.422: [GC (Allocation Failure) 0.429: [DefNew: 4416K->512K(4928K), 0.0028454 secs] 4416K->1256K(15872K), 0.0100524 secs] [Times: user=0.00 sys=0.00, real=0.01 secs] 
0.733: [GC (Allocation Failure) 0.733: [DefNew: 4928K->512K(4928K), 0.0027367 secs] 5672K->2073K(15872K), 0.0028147 secs] [Times: user=0.00 sys=0.00, real=0.00 secs] 
1.049: [GC (Allocation Failure) 1.049: [DefNew: 4928K->512K(4928K), 0.0021071 secs] 6489K->2689K(15872K), 0.0021595 secs] [Times: user=0.00 sys=0.00, real=0.00 secs] 
1.397: [GC (Allocation Failure) 1.397: [DefNew: 4928K->511K(4928K), 0.0017708 secs] 7105K->3135K(15872K), 0.0018458 secs] [Times: user=0.00 sys=0.00, real=0.00 secs] 
1.683: [GC (Allocation Failure) 1.683: [DefNew: 4927K->469K(4928K), 0.0014787 secs] 7551K->3261K(15872K), 0.0015431 secs] [Times: user=0.01 sys=0.00, real=0.00 secs] 
1.899: [GC (Allocation Failure) 1.899: [DefNew: 4885K->511K(4928K), 0.0019082 secs] 7677K->3755K(15872K), 0.0019585 secs] [Times: user=0.00 sys=0.00, real=0.00 secs] 
2.130: [GC (Allocation Failure) 2.130: [DefNew: 4927K->511K(4928K), 0.0027751 secs] 8171K->4135K(15872K), 0.0028325 secs] [Times: user=0.00 sys=0.00, real=0.00 secs] 
2.359: [GC (Allocation Failure) 2.359: [DefNew: 4927K->306K(4928K), 0.0019223 secs] 8551K->4134K(15872K), 0.0019768 secs] [Times: user=0.00 sys=0.00, real=0.00 secs] 
2.570: [GC (Allocation Failure) 2.570: [DefNew: 4722K->484K(4928K), 0.0014767 secs] 8550K->4416K(15872K), 0.0015272 secs] [Times: user=0.00 sys=0.00, real=0.00 secs] 
2.691: [GC (Allocation Failure) 2.691: [DefNew: 4900K->511K(4928K), 0.0016486 secs] 8832K->4652K(15872K), 0.0017014 secs] [Times: user=0.00 sys=0.00, real=0.00 secs] 
2.832: [GC (Allocation Failure) 2.832: [DefNew: 4927K->435K(4928K), 0.0015493 secs] 9068K->4708K(15872K), 0.0016007 secs] [Times: user=0.00 sys=0.00, real=0.00 secs] 
2.907: [GC (Allocation Failure) 2.907: [DefNew: 4846K->512K(4928K), 0.0020967 secs] 9120K->5025K(15872K), 0.0021774 secs] [Times: user=0.00 sys=0.00, real=0.00 secs] 
2.974: [GC (Allocation Failure) 2.974: [DefNew: 4928K->451K(4928K), 0.0022880 secs] 9441K->5224K(15872K), 0.0023678 secs] [Times: user=0.00 sys=0.00, real=0.00 secs] 
3.036: [GC (Allocation Failure) 3.036: [DefNew: 4851K->511K(4928K), 0.0013836 secs] 9624K->5441K(15872K), 0.0014398 secs] [Times: user=0.00 sys=0.00, real=0.00 secs] 
3.118: [GC (Allocation Failure) 3.118: [DefNew: 4927K->512K(4928K), 0.0017880 secs] 9857K->5626K(15872K), 0.0018474 secs] [Times: user=0.00 sys=0.00, real=0.00 secs] 
3.262: [GC (Allocation Failure) 3.262: [DefNew: 4928K->511K(4928K), 0.0023256 secs] 10042K->5811K(15872K), 0.0024483 secs] [Times: user=0.01 sys=0.00, real=0.00 secs] 
3.433: [GC (Allocation Failure) 3.433: [DefNew: 4927K->457K(4928K), 0.0018618 secs] 10227K->5872K(15872K), 0.0019104 secs] [Times: user=0.01 sys=0.00, real=0.00 secs] 
3.566: [GC (Allocation Failure) 3.566: [DefNew: 4873K->500K(4928K), 0.0018054 secs] 10288K->6140K(15872K), 0.0018754 secs] [Times: user=0.00 sys=0.00, real=0.00 secs] 
3.643: [GC (Allocation Failure) 3.643: [DefNew: 4916K->511K(4928K), 0.0026031 secs] 10556K->6296K(15872K), 0.0026728 secs] [Times: user=0.00 sys=0.00, real=0.00 secs] 
3.746: [GC (Allocation Failure) 3.746: [DefNew: 4927K->454K(4928K), 0.0015824 secs] 10712K->6304K(15872K), 0.0016291 secs] [Times: user=0.01 sys=0.00, real=0.00 secs] 
3.859: [GC (Allocation Failure) 3.859: [DefNew: 4870K->511K(4928K), 0.0024882 secs] 10720K->6544K(15872K), 0.0025635 secs] [Times: user=0.00 sys=0.00, real=0.00 secs] 
3.994: [GC (Allocation Failure) 3.994: [DefNew: 4903K->511K(4928K), 0.0027668 secs] 10936K->6794K(15872K), 0.0028767 secs] [Times: user=0.00 sys=0.00, real=0.00 secs] 
4.020: [GC (Allocation Failure) 4.020: [DefNew: 4925K->427K(4928K), 0.0017955 secs] 11207K->6894K(15872K), 0.0018782 secs] [Times: user=0.00 sys=0.00, real=0.00 secs] 
4.048: [Full GC (Metadata GC Threshold) 4.048: [Tenured: 6466K->5347K(10944K), 0.0163843 secs] 7876K->5347K(15872K), [Metaspace: 11818K->11818K(12672K)], 0.0462212 secs] [Times: user=0.02 sys=0.00, real=0.05 secs] 
4.253: [GC (Allocation Failure) 4.253: [DefNew: 4480K->512K(4992K), 0.0013788 secs] 9827K->6114K(15936K), 0.0014265 secs] [Times: user=0.00 sys=0.00, real=0.00 secs] 
4.337: [GC (Allocation Failure) 4.337: [DefNew: 4992K->399K(4992K), 0.0011265 secs] 10609K->6293K(15936K), 0.0011863 secs] [Times: user=0.00 sys=0.00, real=0.00 secs] 
4.339: [GC (GCLocker Initiated GC) 4.339: [DefNew: 599K->16K(4992K), 0.0006525 secs] 6493K->6310K(15936K), 0.0006936 secs] [Times: user=0.00 sys=0.00, real=0.00 secs] 
4.341: [GC (Allocation Failure) 4.341: [DefNew: 4476K->59K(4992K), 0.0004609 secs] 10769K->6353K(15936K), 0.0005037 secs] [Times: user=0.00 sys=0.00, real=0.00 secs] 
4.342: [GC (Allocation Failure) 4.342: [DefNew: 4516K->84K(4992K), 0.0007531 secs] 10809K->6378K(15936K), 0.0008185 secs] [Times: user=0.00 sys=0.00, real=0.00 secs] 
4.344: [GC (Allocation Failure) 4.344: [DefNew: 4563K->84K(4992K), 0.0006439 secs] 10857K->6378K(15936K), 0.0007042 secs] [Times: user=0.00 sys=0.00, real=0.00 secs] 
4.346: [GC (Allocation Failure) 4.346: [DefNew: 4541K->91K(4992K), 0.0005655 secs] 10835K->6384K(15936K), 0.0006121 secs] [Times: user=0.00 sys=0.00, real=0.00 secs] 
4.348: [GC (Allocation Failure) 4.348: [DefNew: 4555K->96K(4992K), 0.0005190 secs] 10848K->6390K(15936K), 0.0005625 secs] [Times: user=0.00 sys=0.00, real=0.00 secs] 
4.349: [GC (Allocation Failure) 4.349: [DefNew: 4533K->102K(4992K), 0.0005190 secs] 10827K->6396K(15936K), 0.0005626 secs] [Times: user=0.00 sys=0.00, real=0.00 secs] 
4.351: [GC (Allocation Failure) 4.351: [DefNew: 4560K->107K(4992K), 0.0005054 secs] 10853K->6400K(15936K), 0.0005709 secs] [Times: user=0.00 sys=0.00, real=0.00 secs] 
4.614: [GC (Allocation Failure) 4.614: [DefNew: 4583K->511K(4992K), 0.0012310 secs] 10877K->6836K(15936K), 0.0013094 secs] [Times: user=0.00 sys=0.00, real=0.00 secs] 
4.737: [GC (Allocation Failure) 4.737: [DefNew: 4991K->510K(4992K), 0.0010068 secs] 11316K->7072K(15936K), 0.0010543 secs] [Times: user=0.00 sys=0.00, real=0.00 secs] 
4.856: [GC (Allocation Failure) 4.856: [DefNew: 4990K->502K(4992K), 0.0016752 secs] 11552K->7184K(15936K), 0.0017304 secs] [Times: user=0.02 sys=0.00, real=0.00 secs] 
4.956: [GC (Allocation Failure) 4.956: [DefNew: 4982K->511K(4992K), 0.0020229 secs] 11664K->7310K(15936K), 0.0021180 secs] [Times: user=0.00 sys=0.00, real=0.00 secs] 
5.045: [GC (Allocation Failure) 5.045: [DefNew: 4991K->482K(4992K), 0.0020388 secs] 11790K->7436K(15936K), 0.0021338 secs] [Times: user=0.00 sys=0.00, real=0.00 secs] 
5.140: [GC (Allocation Failure) 5.140: [DefNew: 4962K->507K(4992K), 0.0022244 secs] 11916K->7655K(15936K), 0.0022862 secs] [Times: user=0.00 sys=0.00, real=0.00 secs] 
5.268: [GC (Allocation Failure) 5.268: [DefNew: 4987K->512K(4992K), 0.0031036 secs] 12135K->7992K(15936K), 0.0031618 secs] [Times: user=0.00 sys=0.00, real=0.00 secs] 
5.369: [GC (Allocation Failure) 5.370: [DefNew: 4992K->511K(4992K), 0.0025486 secs] 12472K->8366K(15936K), 0.0025987 secs] [Times: user=0.00 sys=0.00, real=0.00 secs] 
5.434: [GC (Allocation Failure) 5.434: [DefNew: 4991K->511K(4992K), 0.0022441 secs] 12846K->8696K(15936K), 0.0022962 secs] [Times: user=0.02 sys=0.00, real=0.00 secs] 
6.177: [GC (Allocation Failure) 6.177: [DefNew: 4991K->512K(4992K), 0.0042208 secs] 13176K->9186K(15936K), 0.0043052 secs] [Times: user=0.00 sys=0.00, real=0.00 secs] 
6.239: [GC (Allocation Failure) 6.239: [DefNew: 4992K->498K(4992K), 0.0031048 secs] 13666K->9503K(15936K), 0.0031946 secs] [Times: user=0.00 sys=0.00, real=0.00 secs] 
