Java HotSpot(TM) Client VM (25.101-b13) for windows-x86 JRE (1.8.0_101-b13), built on Jun 22 2016 00:45:44 by "java_re" with MS VC++ 10.0 (VS2010)
Memory: 4k page, physical 8299396k(1884572k free), swap 13394472k(2597324k free)
CommandLine flags: -XX:InitialHeapSize=16777216 -XX:MaxHeapSize=268435456 -XX:+PrintGC -XX:+PrintGCDetails -XX:+PrintGCTimeStamps -XX:-UseLargePagesIndividualAllocation 
0.393: [GC (Allocation Failure) 0.393: [DefNew: 4416K->512K(4928K), 0.0053263 secs] 4416K->1251K(15872K), 0.0055237 secs] [Times: user=0.02 sys=0.00, real=0.01 secs] 
0.488: [GC (Allocation Failure) 0.488: [DefNew: 4928K->512K(4928K), 0.0022737 secs] 5667K->2074K(15872K), 0.0023254 secs] [Times: user=0.00 sys=0.00, real=0.00 secs] 
0.593: [GC (Allocation Failure) 0.593: [DefNew: 4928K->512K(4928K), 0.0019657 secs] 6490K->2657K(15872K), 0.0020189 secs] [Times: user=0.00 sys=0.00, real=0.00 secs] 
0.673: [GC (Allocation Failure) 0.673: [DefNew: 4928K->511K(4928K), 0.0023967 secs] 7073K->3080K(15872K), 0.0024849 secs] [Times: user=0.02 sys=0.00, real=0.00 secs] 
0.724: [GC (Allocation Failure) 0.724: [DefNew: 4927K->463K(4928K), 0.0027004 secs] 7496K->3184K(15872K), 0.0027670 secs] [Times: user=0.00 sys=0.00, real=0.00 secs] 
0.769: [GC (Allocation Failure) 0.769: [DefNew: 4879K->512K(4928K), 0.0023711 secs] 7600K->3679K(15872K), 0.0024251 secs] [Times: user=0.00 sys=0.00, real=0.00 secs] 
0.814: [GC (Allocation Failure) 0.814: [DefNew: 4928K->511K(4928K), 0.0021966 secs] 8095K->4113K(15872K), 0.0022876 secs] [Times: user=0.02 sys=0.00, real=0.00 secs] 
0.871: [GC (Allocation Failure) 0.871: [DefNew: 4927K->308K(4928K), 0.0016301 secs] 8529K->4149K(15872K), 0.0016795 secs] [Times: user=0.00 sys=0.00, real=0.00 secs] 
0.917: [GC (Allocation Failure) 0.918: [DefNew: 4724K->470K(4928K), 0.0014797 secs] 8565K->4411K(15872K), 0.0015369 secs] [Times: user=0.00 sys=0.00, real=0.00 secs] 
0.952: [GC (GCLocker Initiated GC) 0.952: [DefNew: 4896K->486K(4928K), 0.0020436 secs] 8838K->4584K(15872K), 0.0021019 secs] [Times: user=0.00 sys=0.00, real=0.00 secs] 
0.980: [GC (Allocation Failure) 0.980: [DefNew: 4902K->463K(4928K), 0.0019179 secs] 9000K->4709K(15872K), 0.0019912 secs] [Times: user=0.00 sys=0.00, real=0.00 secs] 
1.007: [GC (Allocation Failure) 1.007: [DefNew: 4879K->373K(4928K), 0.0015351 secs] 9125K->4795K(15872K), 0.0015968 secs] [Times: user=0.00 sys=0.00, real=0.00 secs] 
1.032: [GC (Allocation Failure) 1.032: [DefNew: 4789K->475K(4928K), 0.0016422 secs] 9211K->5074K(15872K), 0.0017159 secs] [Times: user=0.00 sys=0.00, real=0.00 secs] 
1.059: [GC (Allocation Failure) 1.059: [DefNew: 4891K->511K(4928K), 0.0015576 secs] 9490K->5207K(15872K), 0.0016235 secs] [Times: user=0.00 sys=0.00, real=0.00 secs] 
1.122: [GC (GCLocker Initiated GC) 1.122: [DefNew: 4927K->511K(4928K), 0.0015679 secs] 9623K->5365K(15872K), 0.0016277 secs] [Times: user=0.00 sys=0.00, real=0.00 secs] 
1.153: [GC (Allocation Failure) 1.153: [DefNew: 4900K->512K(4928K), 0.0014720 secs] 9754K->5543K(15872K), 0.0015288 secs] [Times: user=0.00 sys=0.00, real=0.00 secs] 
1.180: [GC (Allocation Failure) 1.180: [DefNew: 4928K->427K(4928K), 0.0015988 secs] 9959K->5617K(15872K), 0.0016568 secs] [Times: user=0.00 sys=0.00, real=0.00 secs] 
1.212: [GC (Allocation Failure) 1.212: [DefNew: 4799K->512K(4928K), 0.0025825 secs] 9989K->5982K(15872K), 0.0026973 secs] [Times: user=0.00 sys=0.00, real=0.00 secs] 
1.237: [GC (Allocation Failure) 1.237: [DefNew: 4928K->512K(4928K), 0.0021995 secs] 10398K->6371K(15872K), 0.0022559 secs] [Times: user=0.02 sys=0.00, real=0.00 secs] 
1.268: [GC (Allocation Failure) 1.268: [DefNew: 4915K->512K(4928K), 0.0024633 secs] 10775K->6679K(15872K), 0.0025839 secs] [Times: user=0.01 sys=0.00, real=0.00 secs] 
1.298: [GC (Allocation Failure) 1.298: [DefNew: 4928K->511K(4928K), 0.0029457 secs] 11095K->6903K(15872K), 0.0030589 secs] [Times: user=0.02 sys=0.00, real=0.00 secs] 
1.330: [Full GC (Metadata GC Threshold) 1.330: [Tenured: 6391K->5368K(10944K), 0.0191292 secs] 10144K->5368K(15872K), [Metaspace: 11829K->11829K(12672K)], 0.0192411 secs] [Times: user=0.03 sys=0.00, real=0.02 secs] 
1.381: [GC (Allocation Failure) 1.381: [DefNew: 4480K->511K(4992K), 0.0018895 secs] 9848K->6125K(15936K), 0.0019493 secs] [Times: user=0.00 sys=0.00, real=0.00 secs] 
1.413: [GC (Allocation Failure) 1.413: [DefNew: 4991K->512K(4992K), 0.0025535 secs] 10605K->6355K(15936K), 0.0026349 secs] [Times: user=0.00 sys=0.00, real=0.00 secs] 
1.447: [GC (Allocation Failure) 1.447: [DefNew: 4992K->512K(4992K), 0.0019676 secs] 10835K->6811K(15936K), 0.0020341 secs] [Times: user=0.00 sys=0.00, real=0.00 secs] 
1.453: [GC (Allocation Failure) 1.453: [DefNew: 4986K->220K(4992K), 0.0014399 secs] 11286K->6871K(15936K), 0.0015449 secs] [Times: user=0.00 sys=0.00, real=0.00 secs] 
1.456: [GC (Allocation Failure) 1.456: [DefNew: 4685K->185K(4992K), 0.0010125 secs] 11335K->6836K(15936K), 0.0010647 secs] [Times: user=0.00 sys=0.00, real=0.00 secs] 
1.459: [GC (Allocation Failure) 1.459: [DefNew: 4653K->207K(4992K), 0.0008662 secs] 11303K->6858K(15936K), 0.0009122 secs] [Times: user=0.00 sys=0.00, real=0.00 secs] 
1.461: [GC (Allocation Failure) 1.461: [DefNew: 4687K->219K(4992K), 0.0007904 secs] 11338K->6870K(15936K), 0.0008360 secs] [Times: user=0.00 sys=0.00, real=0.00 secs] 
1.463: [GC (Allocation Failure) 1.463: [DefNew: 4699K->219K(4992K), 0.0007504 secs] 11350K->6870K(15936K), 0.0008044 secs] [Times: user=0.00 sys=0.00, real=0.00 secs] 
1.465: [GC (Allocation Failure) 1.465: [DefNew: 4679K->258K(4992K), 0.0007431 secs] 11330K->6909K(15936K), 0.0008114 secs] [Times: user=0.00 sys=0.00, real=0.00 secs] 
1.467: [GC (Allocation Failure) 1.467: [DefNew: 4700K->113K(4992K), 0.0009551 secs] 11351K->6910K(15936K), 0.0010475 secs] [Times: user=0.00 sys=0.00, real=0.00 secs] 
1.469: [GC (GCLocker Initiated GC) 1.469: [DefNew: 4648K->270K(4992K), 0.0008687 secs] 11445K->7066K(15936K), 0.0009224 secs] [Times: user=0.00 sys=0.00, real=0.00 secs] 
1.482: [GC (Allocation Failure) 1.482: [DefNew: 4750K->511K(4992K), 0.0013176 secs] 11546K->7516K(15936K), 0.0013758 secs] [Times: user=0.00 sys=0.00, real=0.00 secs] 
1.504: [GC (Allocation Failure) 1.504: [DefNew: 4991K->439K(4992K), 0.0025955 secs] 11996K->7670K(15936K), 0.0026808 secs] [Times: user=0.00 sys=0.00, real=0.00 secs] 
1.543: [GC (Allocation Failure) 1.543: [DefNew: 4919K->511K(4992K), 0.0028862 secs] 12150K->7970K(15936K), 0.0029535 secs] [Times: user=0.00 sys=0.00, real=0.00 secs] 
1.579: [GC (Allocation Failure) 1.579: [DefNew: 4991K->474K(4992K), 0.0027406 secs] 12450K->8323K(15936K), 0.0028184 secs] [Times: user=0.02 sys=0.00, real=0.00 secs] 
1.611: [GC (Allocation Failure) 1.611: [DefNew: 4954K->511K(4992K), 0.0058873 secs] 12803K->8652K(15936K), 0.0060298 secs] [Times: user=0.02 sys=0.00, real=0.01 secs] 
1.649: [GC (Allocation Failure) 1.649: [DefNew: 4991K->511K(4992K), 0.0031694 secs] 13132K->9101K(15936K), 0.0032397 secs] [Times: user=0.00 sys=0.00, real=0.00 secs] 
1.678: [GC (Allocation Failure) 1.678: [DefNew: 4991K->510K(4992K), 0.0027990 secs] 13581K->9518K(15936K), 0.0028614 secs] [Times: user=0.00 sys=0.00, real=0.00 secs] 
1.715: [GC (Allocation Failure) 1.715: [DefNew: 4990K->511K(4992K), 0.0022740 secs] 13998K->9858K(15936K), 0.0023440 secs] [Times: user=0.00 sys=0.00, real=0.00 secs] 
1.747: [GC (Allocation Failure) 1.747: [DefNew: 4991K->392K(4992K), 0.0020541 secs] 14338K->9885K(15936K), 0.0021595 secs] [Times: user=0.00 sys=0.00, real=0.00 secs] 
1.782: [GC (Allocation Failure) 1.782: [DefNew: 4872K->437K(4992K), 0.0022401 secs] 14365K->10144K(15936K), 0.0022993 secs] [Times: user=0.01 sys=0.00, real=0.00 secs] 
1.838: [GC (Allocation Failure) 1.838: [DefNew: 4917K->511K(4992K), 0.0025019 secs] 14624K->10571K(15936K), 0.0025748 secs] [Times: user=0.00 sys=0.00, real=0.00 secs] 
1.886: [GC (Allocation Failure) 1.886: [DefNew: 4991K->511K(4992K), 0.0029667 secs] 15051K->10941K(15936K), 0.0030242 secs] [Times: user=0.00 sys=0.00, real=0.00 secs] 
1.947: [GC (Allocation Failure) 1.947: [DefNew: 4991K->512K(4992K), 0.0027097 secs] 15421K->11179K(15936K), 0.0027727 secs] [Times: user=0.00 sys=0.00, real=0.00 secs] 
1.987: [GC (Allocation Failure) 1.987: [DefNew: 4992K->459K(4992K), 0.0024041 secs] 15659K->11355K(15936K), 0.0024680 secs] [Times: user=0.01 sys=0.00, real=0.00 secs] 
2.029: [GC (Allocation Failure) 2.029: [DefNew: 4920K->468K(4992K), 0.0024512 secs]2.031: [Tenured: 10988K->8369K(11072K), 0.0337460 secs] 15816K->8369K(16064K), [Metaspace: 16688K->16688K(17792K)], 0.0364029 secs] [Times: user=0.05 sys=0.00, real=0.04 secs] 
2.126: [GC (Allocation Failure) 2.126: [DefNew: 5632K->567K(6336K), 0.0021589 secs] 14001K->8936K(20288K), 0.0022192 secs] [Times: user=0.00 sys=0.02, real=0.00 secs] 
2.177: [GC (Allocation Failure) 2.177: [DefNew: 6199K->638K(6336K), 0.0024342 secs] 14568K->9237K(20288K), 0.0025060 secs] [Times: user=0.00 sys=0.00, real=0.00 secs] 
2.264: [GC (Allocation Failure) 2.264: [DefNew: 6270K->652K(6336K), 0.0026046 secs] 14869K->9447K(20288K), 0.0026847 secs] [Times: user=0.00 sys=0.00, real=0.00 secs] 
2.340: [GC (Allocation Failure) 2.340: [DefNew: 6284K->320K(6336K), 0.0021323 secs] 15079K->9237K(20288K), 0.0021967 secs] [Times: user=0.00 sys=0.00, real=0.00 secs] 
2.424: [GC (Allocation Failure) 2.424: [DefNew: 5952K->597K(6336K), 0.0024756 secs] 14869K->9514K(20288K), 0.0025350 secs] [Times: user=0.01 sys=0.00, real=0.00 secs] 
2.493: [GC (Allocation Failure) 2.493: [DefNew: 6226K->703K(6336K), 0.0036580 secs] 15143K->10047K(20288K), 0.0038171 secs] [Times: user=0.00 sys=0.00, real=0.00 secs] 
2.550: [GC (Allocation Failure) 2.550: [DefNew: 6335K->437K(6336K), 0.0037226 secs] 15679K->10415K(20288K), 0.0038247 secs] [Times: user=0.00 sys=0.01, real=0.00 secs] 
2.829: [GC (Allocation Failure) 2.829: [DefNew: 6069K->703K(6336K), 0.0036097 secs] 16047K->11002K(20288K), 0.0036790 secs] [Times: user=0.02 sys=0.00, real=0.00 secs] 
2.910: [GC (Allocation Failure) 2.910: [DefNew: 6335K->472K(6336K), 0.0045195 secs] 16634K->11112K(20288K), 0.0045972 secs] [Times: user=0.00 sys=0.00, real=0.00 secs] 
4.254: [GC (Allocation Failure) 4.254: [DefNew: 6104K->510K(6336K), 0.0031721 secs] 16744K->11474K(20288K), 0.0032611 secs] [Times: user=0.00 sys=0.00, real=0.00 secs] 
4.317: [GC (Allocation Failure) 4.318: [DefNew: 6142K->634K(6336K), 0.0042009 secs] 17106K->11954K(20288K), 0.0042937 secs] [Times: user=0.00 sys=0.00, real=0.00 secs] 
4.388: [GC (Allocation Failure) 4.388: [DefNew: 6266K->704K(6336K), 0.0029977 secs] 17586K->12331K(20288K), 0.0030667 secs] [Times: user=0.00 sys=0.00, real=0.00 secs] 
4.564: [GC (Allocation Failure) 4.564: [DefNew: 6336K->704K(6336K), 0.0043747 secs] 17963K->12889K(20288K), 0.0044430 secs] [Times: user=0.02 sys=0.00, real=0.00 secs] 
4.594: [GC (Allocation Failure) 4.594: [DefNew: 6332K->142K(6336K), 0.0040516 secs] 18518K->12834K(20288K), 0.0041648 secs] [Times: user=0.01 sys=0.00, real=0.00 secs] 
4.602: [GC (Allocation Failure) 4.602: [DefNew: 5760K->189K(6336K), 0.0009480 secs] 18452K->12881K(20288K), 0.0009979 secs] [Times: user=0.00 sys=0.00, real=0.00 secs] 
4.608: [GC (Allocation Failure) 4.608: [DefNew: 5805K->186K(6336K), 0.0009469 secs] 18497K->12878K(20288K), 0.0009975 secs] [Times: user=0.00 sys=0.00, real=0.00 secs] 
4.610: [GC (Allocation Failure) 4.610: [DefNew: 5792K->195K(6336K), 0.0008442 secs] 18484K->12887K(20288K), 0.0008911 secs] [Times: user=0.00 sys=0.00, real=0.00 secs] 
4.612: [GC (Allocation Failure) 4.612: [DefNew: 5783K->203K(6336K), 0.0015318 secs] 18474K->12895K(20288K), 0.0016475 secs] [Times: user=0.02 sys=0.00, real=0.00 secs] 
4.615: [GC (Allocation Failure) 4.615: [DefNew: 5812K->210K(6336K), 0.0010460 secs] 18504K->12902K(20288K), 0.0010935 secs] [Times: user=0.00 sys=0.00, real=0.00 secs] 
4.624: [GC (Allocation Failure) 4.624: [DefNew: 5842K->42K(6336K), 0.0008810 secs] 18534K->12734K(20288K), 0.0009222 secs] [Times: user=0.00 sys=0.00, real=0.00 secs] 
4.705: [GC (Allocation Failure) 4.705: [DefNew: 5674K->625K(6336K), 0.0023433 secs] 18366K->13317K(20288K), 0.0023992 secs] [Times: user=0.02 sys=0.00, real=0.00 secs] 
4.768: [GC (Allocation Failure) 4.768: [DefNew: 6257K->524K(6336K), 0.0035371 secs] 18949K->13445K(20288K), 0.0036534 secs] [Times: user=0.00 sys=0.00, real=0.00 secs] 
4.840: [GC (Allocation Failure) 4.840: [DefNew: 6156K->480K(6336K), 0.0030261 secs] 19077K->13659K(20288K), 0.0030770 secs] [Times: user=0.00 sys=0.00, real=0.00 secs] 
4.905: [GC (Allocation Failure) 4.905: [DefNew: 6112K->703K(6336K), 0.0035969 secs] 19291K->14383K(20288K), 0.0036782 secs] [Times: user=0.02 sys=0.00, real=0.00 secs] 
5.110: [GC (Allocation Failure) 5.110: [DefNew: 6335K->687K(6336K), 0.0024242 secs]5.113: [Tenured: 14135K->13566K(14208K), 0.0389470 secs] 20015K->13566K(20544K), [Metaspace: 22696K->22696K(23936K)], 0.0415530 secs] [Times: user=0.05 sys=0.00, real=0.04 secs] 
15.025: [GC (Allocation Failure) 15.025: [DefNew: 9122K->1088K(10240K), 0.0032706 secs] 22689K->15453K(32852K), 0.0033282 secs] [Times: user=0.00 sys=0.00, real=0.00 secs] 
15.097: [GC (Allocation Failure) 15.097: [DefNew: 10240K->921K(10240K), 0.0040158 secs] 24605K->16342K(32852K), 0.0040672 secs] [Times: user=0.00 sys=0.00, real=0.00 secs] 
15.172: [GC (Allocation Failure) 15.172: [DefNew: 10073K->853K(10240K), 0.0022468 secs] 25494K->16461K(32852K), 0.0022985 secs] [Times: user=0.01 sys=0.00, real=0.00 secs] 
15.246: [GC (Allocation Failure) 15.246: [DefNew: 10005K->925K(10240K), 0.0028961 secs] 25613K->16653K(32852K), 0.0029570 secs] [Times: user=0.00 sys=0.00, real=0.00 secs] 
15.314: [GC (Allocation Failure) 15.314: [DefNew: 10077K->793K(10240K), 0.0022015 secs] 25805K->16683K(32852K), 0.0022512 secs] [Times: user=0.01 sys=0.00, real=0.00 secs] 
15.390: [GC (Allocation Failure) 15.390: [DefNew: 9945K->963K(10240K), 0.0023338 secs] 25835K->16998K(32852K), 0.0023812 secs] [Times: user=0.00 sys=0.00, real=0.00 secs] 
15.474: [GC (Allocation Failure) 15.475: [DefNew: 10115K->1016K(10240K), 0.0039241 secs] 26150K->17151K(32852K), 0.0040092 secs] [Times: user=0.00 sys=0.00, real=0.00 secs] 
15.549: [GC (Allocation Failure) 15.549: [DefNew: 10168K->872K(10240K), 0.0027246 secs] 26303K->17403K(32852K), 0.0027760 secs] [Times: user=0.00 sys=0.00, real=0.00 secs] 
15.613: [GC (Allocation Failure) 15.613: [DefNew: 10024K->766K(10240K), 0.0024496 secs] 26555K->17376K(32852K), 0.0025025 secs] [Times: user=0.00 sys=0.00, real=0.00 secs] 
15.698: [GC (Allocation Failure) 15.698: [DefNew: 9918K->853K(10240K), 0.0032478 secs] 26528K->17609K(32852K), 0.0033231 secs] [Times: user=0.00 sys=0.00, real=0.00 secs] 
15.767: [GC (Allocation Failure) 15.767: [DefNew: 10005K->830K(10240K), 0.0043980 secs] 26761K->17860K(32852K), 0.0045197 secs] [Times: user=0.01 sys=0.00, real=0.00 secs] 
15.898: [GC (Allocation Failure) 15.898: [DefNew: 9982K->791K(10240K), 0.0027211 secs] 27012K->18004K(32852K), 0.0027853 secs] [Times: user=0.00 sys=0.00, real=0.00 secs] 
15.980: [GC (Allocation Failure) 15.980: [DefNew: 9943K->1045K(10240K), 0.0028246 secs] 27156K->18330K(32852K), 0.0028916 secs] [Times: user=0.00 sys=0.00, real=0.00 secs] 
16.052: [GC (Allocation Failure) 16.052: [DefNew: 10197K->1010K(10240K), 0.0038091 secs] 27482K->18517K(32852K), 0.0038674 secs] [Times: user=0.00 sys=0.00, real=0.00 secs] 
16.130: [GC (Allocation Failure) 16.130: [DefNew: 10162K->846K(10240K), 0.0042899 secs] 27669K->18468K(32852K), 0.0043616 secs] [Times: user=0.00 sys=0.00, real=0.00 secs] 
16.226: [GC (Allocation Failure) 16.226: [DefNew: 9998K->906K(10240K), 0.0039785 secs] 27620K->18895K(32852K), 0.0040713 secs] [Times: user=0.00 sys=0.00, real=0.00 secs] 
16.398: [GC (Allocation Failure) 16.398: [DefNew: 10058K->612K(10240K), 0.0037154 secs] 28047K->19026K(32852K), 0.0038255 secs] [Times: user=0.00 sys=0.00, real=0.00 secs] 
16.476: [GC (Allocation Failure) 16.476: [DefNew: 9764K->822K(10240K), 0.0048570 secs] 28178K->19521K(32852K), 0.0049179 secs] [Times: user=0.00 sys=0.00, real=0.01 secs] 
16.555: [GC (Allocation Failure) 16.555: [DefNew: 9974K->943K(10240K), 0.0045833 secs] 28673K->20076K(32852K), 0.0046770 secs] [Times: user=0.00 sys=0.00, real=0.00 secs] 
16.644: [GC (Allocation Failure) 16.644: [DefNew: 10095K->822K(10240K), 0.0050298 secs] 29228K->20369K(32852K), 0.0051108 secs] [Times: user=0.00 sys=0.00, real=0.01 secs] 
16.717: [GC (Allocation Failure) 16.717: [DefNew: 9974K->949K(10240K), 0.0047513 secs] 29521K->21018K(32852K), 0.0048156 secs] [Times: user=0.02 sys=0.00, real=0.01 secs] 
16.781: [GC (Allocation Failure) 16.781: [DefNew: 10101K->802K(10240K), 0.0046623 secs] 30170K->21421K(32852K), 0.0047224 secs] [Times: user=0.02 sys=0.00, real=0.00 secs] 
16.881: [GC (Allocation Failure) 16.881: [DefNew: 9954K->1087K(10240K), 0.0046252 secs] 30573K->22213K(32852K), 0.0046921 secs] [Times: user=0.00 sys=0.00, real=0.01 secs] 
16.962: [GC (Allocation Failure) 16.962: [DefNew: 10239K->707K(10240K), 0.0061126 secs] 31365K->22288K(32852K), 0.0061940 secs] [Times: user=0.00 sys=0.00, real=0.01 secs] 
30.554: [GC (Allocation Failure) 30.554: [DefNew: 9859K->1087K(10240K), 0.0062206 secs] 31440K->23260K(32852K), 0.0062810 secs] [Times: user=0.00 sys=0.00, real=0.01 secs] 
30.652: [GC (Allocation Failure) 30.652: [DefNew: 10239K->1088K(10240K), 0.0044981 secs]30.657: [Tenured: 22843K->17027K(22868K), 0.0586984 secs] 32412K->17027K(33108K), [Metaspace: 35672K->35672K(37248K)], 0.0634392 secs] [Times: user=0.06 sys=0.00, real=0.06 secs] 
33.117: [GC (Allocation Failure) 33.117: [DefNew: 11392K->1408K(12800K), 0.0055015 secs] 28419K->18487K(41180K), 0.0055607 secs] [Times: user=0.00 sys=0.00, real=0.01 secs] 
33.245: [GC (Allocation Failure) 33.245: [DefNew: 12800K->1407K(12800K), 0.0089591 secs] 29879K->19378K(41180K), 0.0091073 secs] [Times: user=0.02 sys=0.00, real=0.01 secs] 
77.703: [GC (Allocation Failure) 77.703: [DefNew: 12799K->1408K(12800K), 0.0170964 secs] 30770K->23573K(41180K), 0.0172254 secs] [Times: user=0.02 sys=0.00, real=0.02 secs] 
77.951: [GC (Allocation Failure) 77.952: [DefNew: 12800K->1408K(12800K), 0.0173752 secs]77.969: [Tenured: 29851K->29915K(29916K), 0.1151569 secs] 34965K->30099K(42716K), [Metaspace: 37332K->37332K(39296K)], 0.1329267 secs] [Times: user=0.14 sys=0.00, real=0.13 secs] 
78.661: [GC (Allocation Failure) 78.661: [DefNew: 19968K->2496K(22464K), 0.0257393 secs] 49883K->40610K(72324K), 0.0259233 secs] [Times: user=0.00 sys=0.01, real=0.03 secs] 
82.256: [GC (Allocation Failure) 82.257: [DefNew: 22464K->1227K(22464K), 0.0170900 secs] 60578K->41407K(72324K), 0.0173963 secs] [Times: user=0.02 sys=0.00, real=0.02 secs] 
84.541: [GC (Allocation Failure) 84.542: [DefNew: 21195K->1146K(22464K), 0.0071864 secs] 61375K->41326K(72324K), 0.0074705 secs] [Times: user=0.00 sys=0.00, real=0.01 secs] 
